main.c:90:5:main	8	static
main.c:147:6:SystemClock_Config	88	static
main.c:194:13:MX_I2C1_Init	8	static
main.c:228:13:MX_SPI1_Init	8	static
main.c:266:13:MX_TIM1_Init	80	static
main.c:331:13:MX_TIM7_Init	16	static
main.c:369:13:MX_UART4_Init	8	static
main.c:402:13:MX_UART5_Init	8	static
main.c:435:13:MX_USART1_UART_Init	8	static
main.c:468:13:MX_USART2_UART_Init	8	static
main.c:501:13:MX_USART3_UART_Init	8	static
main.c:534:13:MX_GPIO_Init	56	static
main.c:576:6:Error_Handler	4	static,ignoring_inline_asm
