gas_source.hpp:40:7:float get_pressure()	56	static
gas_source.hpp:67:7:float get_vacuum()	32	static
gas_source.hpp:96:6:void set_pressure_pump(bool)	16	static
gas_source.hpp:104:6:void set_vacuum_pump(bool)	16	static
gas_source.hpp:147:6:void gas_control()	32	static
gas_source.hpp:267:6:void CO2_read()	136	static
gas_source.hpp:388:6:void CO2_default()	4	static
gas_source.hpp:395:6:void CO2_init()	24	static
main_2.cpp:32:6:void main_2_init()	8	static
main_2.cpp:44:6:void main_2_loop()	592	static
main_2.cpp:192:6:void HAL_TIM_PeriodElapsedCallback(TIM_HandleTypeDef*)	16	static
