new:173:33:void* operator new(std::size_t, void*)	16	static
stl_tree.h:173:5:std::_Rb_tree_header::_Rb_tree_header()	16	static
stl_tree.h:206:5:void std::_Rb_tree_header::_M_reset()	16	static
gthr-default.h:229:1:int __gthread_key_delete(__gthread_key_t)	16	static
stl_map.h:300:7:std::map<_Key, _Tp, _Compare, _Alloc>::~map() [with _Key = Cmd; _Tp = cmd_t2; _Compare = std::less<Cmd>; _Alloc = std::allocator<std::pair<const Cmd, cmd_t2> >]	16	static
allocator.h:138:7:std::allocator< <template-parameter-1-1> >::allocator() [with _Tp = std::pair<const Cmd, cmd_t2>]	16	static
allocator.h:153:7:std::allocator< <template-parameter-1-1> >::~allocator() [with _Tp = std::pair<const Cmd, cmd_t2>]	16	static
stl_map.h:226:7:std::map<_Key, _Tp, _Compare, _Alloc>::map(std::initializer_list<std::pair<const _Key, _Tp> >, const _Compare&, const allocator_type&) [with _Key = Cmd; _Tp = cmd_t2; _Compare = std::less<Cmd>; _Alloc = std::allocator<std::pair<const Cmd, cmd_t2> >]	40	static
stl_tree.h:673:9:std::_Rb_tree<Cmd, std::pair<const Cmd, cmd_t2>, std::_Select1st<std::pair<const Cmd, cmd_t2> >, std::less<Cmd>, std::allocator<std::pair<const Cmd, cmd_t2> > >::_Rb_tree_impl<std::less<Cmd>, true>::~_Rb_tree_impl()	16	static
stl_tree.h:994:7:std::_Rb_tree<_Key, _Val, _KeyOfValue, _Compare, _Alloc>::~_Rb_tree() [with _Key = Cmd; _Val = std::pair<const Cmd, cmd_t2>; _KeyOfValue = std::_Select1st<std::pair<const Cmd, cmd_t2> >; _Compare = std::less<Cmd>; _Alloc = std::allocator<std::pair<const Cmd, cmd_t2> >]	16	static
new_allocator.h:80:7:__gnu_cxx::new_allocator<_Tp>::new_allocator() [with _Tp = std::pair<const Cmd, cmd_t2>]	16	static
new_allocator.h:89:7:__gnu_cxx::new_allocator<_Tp>::~new_allocator() [with _Tp = std::pair<const Cmd, cmd_t2>]	16	static
allocator.h:141:7:std::allocator< <template-parameter-1-1> >::allocator(const std::allocator< <template-parameter-1-1> >&) [with _Tp = std::pair<const Cmd, cmd_t2>]	16	static
stl_tree.h:942:7:std::_Rb_tree<_Key, _Val, _KeyOfValue, _Compare, _Alloc>::_Rb_tree(const _Compare&, const allocator_type&) [with _Key = Cmd; _Val = std::pair<const Cmd, cmd_t2>; _KeyOfValue = std::_Select1st<std::pair<const Cmd, cmd_t2> >; _Compare = std::less<Cmd>; _Alloc = std::allocator<std::pair<const Cmd, cmd_t2> >]	40	static
initializer_list:75:7:constexpr const _E* std::initializer_list<_E>::begin() const [with _E = std::pair<const Cmd, cmd_t2>]	16	static
initializer_list:79:7:constexpr const _E* std::initializer_list<_E>::end() const [with _E = std::pair<const Cmd, cmd_t2>]	24	static
stl_tree.h:1109:2:std::__enable_if_t<std::is_same<_Val, typename std::iterator_traits<_Iter>::value_type>::value> std::_Rb_tree<_Key, _Val, _KeyOfValue, _Compare, _Alloc>::_M_insert_range_unique(_InputIterator, _InputIterator) [with _InputIterator = const std::pair<const Cmd, cmd_t2>*; _Key = Cmd; _Val = std::pair<const Cmd, cmd_t2>; _KeyOfValue = std::_Select1st<std::pair<const Cmd, cmd_t2> >; _Compare = std::less<Cmd>; _Alloc = std::allocator<std::pair<const Cmd, cmd_t2> >]	40	static
allocator.h:153:7:std::allocator< <template-parameter-1-1> >::~allocator() [with _Tp = std::_Rb_tree_node<std::pair<const Cmd, cmd_t2> >]	16	static
stl_tree.h:1907:5:void std::_Rb_tree<_Key, _Val, _KeyOfValue, _Compare, _Alloc>::_M_erase(std::_Rb_tree<_Key, _Val, _KeyOfValue, _Compare, _Alloc>::_Link_type) [with _Key = Cmd; _Val = std::pair<const Cmd, cmd_t2>; _KeyOfValue = std::_Select1st<std::pair<const Cmd, cmd_t2> >; _Compare = std::less<Cmd>; _Alloc = std::allocator<std::pair<const Cmd, cmd_t2> >]	24	static
stl_tree.h:744:7:std::_Rb_tree_node<_Val>* std::_Rb_tree<_Key, _Val, _KeyOfValue, _Compare, _Alloc>::_M_begin() [with _Key = Cmd; _Val = std::pair<const Cmd, cmd_t2>; _KeyOfValue = std::_Select1st<std::pair<const Cmd, cmd_t2> >; _Compare = std::less<Cmd>; _Alloc = std::allocator<std::pair<const Cmd, cmd_t2> >]	16	static
new_allocator.h:83:7:__gnu_cxx::new_allocator<_Tp>::new_allocator(const __gnu_cxx::new_allocator<_Tp>&) [with _Tp = std::pair<const Cmd, cmd_t2>]	16	static
allocator.h:151:2:std::allocator< <template-parameter-1-1> >::allocator(const std::allocator<_Tp1>&) [with _Tp1 = std::pair<const Cmd, cmd_t2>; _Tp = std::_Rb_tree_node<std::pair<const Cmd, cmd_t2> >]	16	static
stl_tree.h:710:4:std::_Rb_tree<_Key, _Val, _KeyOfValue, _Compare, _Alloc>::_Rb_tree_impl<_Key_compare, <anonymous> >::_Rb_tree_impl(const _Key_compare&, std::_Rb_tree<_Key, _Val, _KeyOfValue, _Compare, _Alloc>::_Node_allocator&&) [with _Key_compare = std::less<Cmd>; bool <anonymous> = true; _Key = Cmd; _Val = std::pair<const Cmd, cmd_t2>; _KeyOfValue = std::_Select1st<std::pair<const Cmd, cmd_t2> >; _Compare = std::less<Cmd>; _Alloc = std::allocator<std::pair<const Cmd, cmd_t2> >]	24	static
initializer_list:71:7:constexpr std::initializer_list<_E>::size_type std::initializer_list<_E>::size() const [with _E = std::pair<const Cmd, cmd_t2>]	16	static
stl_tree.h:538:2:std::_Rb_tree<_Key, _Val, _KeyOfValue, _Compare, _Alloc>::_Alloc_node::_Alloc_node(std::_Rb_tree<_Key, _Val, _KeyOfValue, _Compare, _Alloc>&) [with _Key = Cmd; _Val = std::pair<const Cmd, cmd_t2>; _KeyOfValue = std::_Select1st<std::pair<const Cmd, cmd_t2> >; _Compare = std::less<Cmd>; _Alloc = std::allocator<std::pair<const Cmd, cmd_t2> >]	16	static
stl_tree.h:1014:7:std::_Rb_tree<_Key, _Val, _KeyOfValue, _Compare, _Alloc>::iterator std::_Rb_tree<_Key, _Val, _KeyOfValue, _Compare, _Alloc>::end() [with _Key = Cmd; _Val = std::pair<const Cmd, cmd_t2>; _KeyOfValue = std::_Select1st<std::pair<const Cmd, cmd_t2> >; _Compare = std::less<Cmd>; _Alloc = std::allocator<std::pair<const Cmd, cmd_t2> >]	24	static
stl_tree.h:348:7:std::_Rb_tree_const_iterator<_Tp>::_Rb_tree_const_iterator(const iterator&) [with _Tp = std::pair<const Cmd, cmd_t2>]	16	static
stl_tree.h:2248:7:std::_Rb_tree<_Key, _Val, _KeyOfValue, _Compare, _Alloc>::iterator std::_Rb_tree<_Key, _Val, _KeyOfValue, _Compare, _Alloc>::_M_insert_unique_(std::_Rb_tree<_Key, _Val, _KeyOfValue, _Compare, _Alloc>::const_iterator, _Arg&&, _NodeGen&) [with _Arg = const std::pair<const Cmd, cmd_t2>&; _NodeGen = std::_Rb_tree<Cmd, std::pair<const Cmd, cmd_t2>, std::_Select1st<std::pair<const Cmd, cmd_t2> >, std::less<Cmd>, std::allocator<std::pair<const Cmd, cmd_t2> > >::_Alloc_node; _Key = Cmd; _Val = std::pair<const Cmd, cmd_t2>; _KeyOfValue = std::_Select1st<std::pair<const Cmd, cmd_t2> >; _Compare = std::less<Cmd>; _Alloc = std::allocator<std::pair<const Cmd, cmd_t2> >]	56	static
new_allocator.h:89:7:__gnu_cxx::new_allocator<_Tp>::~new_allocator() [with _Tp = std::_Rb_tree_node<std::pair<const Cmd, cmd_t2> >]	16	static
stl_tree.h:797:7:static std::_Rb_tree_node<_Val>* std::_Rb_tree<_Key, _Val, _KeyOfValue, _Compare, _Alloc>::_S_right(std::_Rb_tree<_Key, _Val, _KeyOfValue, _Compare, _Alloc>::_Base_ptr) [with _Key = Cmd; _Val = std::pair<const Cmd, cmd_t2>; _KeyOfValue = std::_Select1st<std::pair<const Cmd, cmd_t2> >; _Compare = std::less<Cmd>; _Alloc = std::allocator<std::pair<const Cmd, cmd_t2> >]	16	static
stl_tree.h:789:7:static std::_Rb_tree_node<_Val>* std::_Rb_tree<_Key, _Val, _KeyOfValue, _Compare, _Alloc>::_S_left(std::_Rb_tree<_Key, _Val, _KeyOfValue, _Compare, _Alloc>::_Base_ptr) [with _Key = Cmd; _Val = std::pair<const Cmd, cmd_t2>; _KeyOfValue = std::_Select1st<std::pair<const Cmd, cmd_t2> >; _Compare = std::less<Cmd>; _Alloc = std::allocator<std::pair<const Cmd, cmd_t2> >]	16	static
stl_tree.h:648:7:void std::_Rb_tree<_Key, _Val, _KeyOfValue, _Compare, _Alloc>::_M_drop_node(std::_Rb_tree<_Key, _Val, _KeyOfValue, _Compare, _Alloc>::_Link_type) [with _Key = Cmd; _Val = std::pair<const Cmd, cmd_t2>; _KeyOfValue = std::_Select1st<std::pair<const Cmd, cmd_t2> >; _Compare = std::less<Cmd>; _Alloc = std::allocator<std::pair<const Cmd, cmd_t2> >]	16	static
new_allocator.h:80:7:__gnu_cxx::new_allocator<_Tp>::new_allocator() [with _Tp = std::_Rb_tree_node<std::pair<const Cmd, cmd_t2> >]	16	static
move.h:99:5:constexpr typename std::remove_reference<_Tp>::type&& std::move(_Tp&&) [with _Tp = std::allocator<std::_Rb_tree_node<std::pair<const Cmd, cmd_t2> > >&]	16	static
allocator.h:141:7:std::allocator< <template-parameter-1-1> >::allocator(const std::allocator< <template-parameter-1-1> >&) [with _Tp = std::_Rb_tree_node<std::pair<const Cmd, cmd_t2> >]	16	static
stl_tree.h:152:7:std::_Rb_tree_key_compare<_Key_compare>::_Rb_tree_key_compare(const _Key_compare&) [with _Key_compare = std::less<Cmd>]	16	static
stl_tree.h:273:7:std::_Rb_tree_iterator<_Tp>::_Rb_tree_iterator(std::_Rb_tree_iterator<_Tp>::_Base_ptr) [with _Tp = std::pair<const Cmd, cmd_t2>]	16	static
stl_tree.h:2187:5:std::pair<std::_Rb_tree_node_base*, std::_Rb_tree_node_base*> std::_Rb_tree<_Key, _Val, _KeyOfValue, _Compare, _Alloc>::_M_get_insert_hint_unique_pos(std::_Rb_tree<_Key, _Val, _KeyOfValue, _Compare, _Alloc>::const_iterator, const key_type&) [with _Key = Cmd; _Val = std::pair<const Cmd, cmd_t2>; _KeyOfValue = std::_Select1st<std::pair<const Cmd, cmd_t2> >; _Compare = std::less<Cmd>; _Alloc = std::allocator<std::pair<const Cmd, cmd_t2> >]	64	static
stl_function.h:1155:7:const typename _Pair::first_type& std::_Select1st<_Pair>::operator()(const _Pair&) const [with _Pair = std::pair<const Cmd, cmd_t2>]	16	static
move.h:74:5:constexpr _Tp&& std::forward(typename std::remove_reference<_Tp>::type&) [with _Tp = const std::pair<const Cmd, cmd_t2>&]	16	static
stl_tree.h:1797:7:std::_Rb_tree<_Key, _Val, _KeyOfValue, _Compare, _Alloc>::iterator std::_Rb_tree<_Key, _Val, _KeyOfValue, _Compare, _Alloc>::_M_insert_(std::_Rb_tree<_Key, _Val, _KeyOfValue, _Compare, _Alloc>::_Base_ptr, std::_Rb_tree<_Key, _Val, _KeyOfValue, _Compare, _Alloc>::_Base_ptr, _Arg&&, _NodeGen&) [with _Arg = const std::pair<const Cmd, cmd_t2>&; _NodeGen = std::_Rb_tree<Cmd, std::pair<const Cmd, cmd_t2>, std::_Select1st<std::pair<const Cmd, cmd_t2> >, std::less<Cmd>, std::allocator<std::pair<const Cmd, cmd_t2> > >::_Alloc_node; _Key = Cmd; _Val = std::pair<const Cmd, cmd_t2>; _KeyOfValue = std::_Select1st<std::pair<const Cmd, cmd_t2> >; _Compare = std::less<Cmd>; _Alloc = std::allocator<std::pair<const Cmd, cmd_t2> >]	48	static
stl_tree.h:637:7:void std::_Rb_tree<_Key, _Val, _KeyOfValue, _Compare, _Alloc>::_M_destroy_node(std::_Rb_tree<_Key, _Val, _KeyOfValue, _Compare, _Alloc>::_Link_type) [with _Key = Cmd; _Val = std::pair<const Cmd, cmd_t2>; _KeyOfValue = std::_Select1st<std::pair<const Cmd, cmd_t2> >; _Compare = std::less<Cmd>; _Alloc = std::allocator<std::pair<const Cmd, cmd_t2> >]	24	static
stl_tree.h:583:7:void std::_Rb_tree<_Key, _Val, _KeyOfValue, _Compare, _Alloc>::_M_put_node(std::_Rb_tree<_Key, _Val, _KeyOfValue, _Compare, _Alloc>::_Link_type) [with _Key = Cmd; _Val = std::pair<const Cmd, cmd_t2>; _KeyOfValue = std::_Select1st<std::pair<const Cmd, cmd_t2> >; _Compare = std::less<Cmd>; _Alloc = std::allocator<std::pair<const Cmd, cmd_t2> >]	16	static
new_allocator.h:83:7:__gnu_cxx::new_allocator<_Tp>::new_allocator(const __gnu_cxx::new_allocator<_Tp>&) [with _Tp = std::_Rb_tree_node<std::pair<const Cmd, cmd_t2> >]	16	static
stl_tree.h:352:7:std::_Rb_tree_const_iterator<_Tp>::iterator std::_Rb_tree_const_iterator<_Tp>::_M_const_cast() const [with _Tp = std::pair<const Cmd, cmd_t2>]	24	static
stl_tree.h:755:7:std::_Rb_tree_node_base* std::_Rb_tree<_Key, _Val, _KeyOfValue, _Compare, _Alloc>::_M_end() [with _Key = Cmd; _Val = std::pair<const Cmd, cmd_t2>; _KeyOfValue = std::_Select1st<std::pair<const Cmd, cmd_t2> >; _Compare = std::less<Cmd>; _Alloc = std::allocator<std::pair<const Cmd, cmd_t2> >]	16	static
stl_tree.h:1042:7:std::_Rb_tree<_Key, _Val, _KeyOfValue, _Compare, _Alloc>::size_type std::_Rb_tree<_Key, _Val, _KeyOfValue, _Compare, _Alloc>::size() const [with _Key = Cmd; _Val = std::pair<const Cmd, cmd_t2>; _KeyOfValue = std::_Select1st<std::pair<const Cmd, cmd_t2> >; _Compare = std::less<Cmd>; _Alloc = std::allocator<std::pair<const Cmd, cmd_t2> >]	16	static
stl_tree.h:736:7:std::_Rb_tree_node_base*& std::_Rb_tree<_Key, _Val, _KeyOfValue, _Compare, _Alloc>::_M_rightmost() [with _Key = Cmd; _Val = std::pair<const Cmd, cmd_t2>; _KeyOfValue = std::_Select1st<std::pair<const Cmd, cmd_t2> >; _Compare = std::less<Cmd>; _Alloc = std::allocator<std::pair<const Cmd, cmd_t2> >]	16	static
stl_tree.h:809:7:static const _Key& std::_Rb_tree<_Key, _Val, _KeyOfValue, _Compare, _Alloc>::_S_key(std::_Rb_tree<_Key, _Val, _KeyOfValue, _Compare, _Alloc>::_Const_Base_ptr) [with _Key = Cmd; _Val = std::pair<const Cmd, cmd_t2>; _KeyOfValue = std::_Select1st<std::pair<const Cmd, cmd_t2> >; _Compare = std::less<Cmd>; _Alloc = std::allocator<std::pair<const Cmd, cmd_t2> >]	16	static
stl_function.h:385:7:constexpr bool std::less<_Tp>::operator()(const _Tp&, const _Tp&) const [with _Tp = Cmd]	24	static
stl_pair.h:325:18:constexpr std::pair<_T1, _T2>::pair(const _T1&, _U2&&) [with _U2 = std::_Rb_tree_node_base*&; typename std::enable_if<std::_PCC<true, _T1, _T2>::_CopyMovePair<true, _T1, _U2>(), bool>::type <anonymous> = true; _T1 = std::_Rb_tree_node_base*; _T2 = std::_Rb_tree_node_base*]	24	static
stl_tree.h:2085:5:std::pair<std::_Rb_tree_node_base*, std::_Rb_tree_node_base*> std::_Rb_tree<_Key, _Val, _KeyOfValue, _Compare, _Alloc>::_M_get_insert_unique_pos(const key_type&) [with _Key = Cmd; _Val = std::pair<const Cmd, cmd_t2>; _KeyOfValue = std::_Select1st<std::pair<const Cmd, cmd_t2> >; _Compare = std::less<Cmd>; _Alloc = std::allocator<std::pair<const Cmd, cmd_t2> >]	56	static
stl_tree.h:728:7:std::_Rb_tree_node_base*& std::_Rb_tree<_Key, _Val, _KeyOfValue, _Compare, _Alloc>::_M_leftmost() [with _Key = Cmd; _Val = std::pair<const Cmd, cmd_t2>; _KeyOfValue = std::_Select1st<std::pair<const Cmd, cmd_t2> >; _Compare = std::less<Cmd>; _Alloc = std::allocator<std::pair<const Cmd, cmd_t2> >]	16	static
stl_pair.h:341:12:constexpr std::pair<_T1, _T2>::pair(_U1&&, _U2&&) [with _U1 = std::_Rb_tree_node_base*&; _U2 = std::_Rb_tree_node_base*&; typename std::enable_if<(std::_PCC<true, _T1, _T2>::_MoveConstructiblePair<_U1, _U2>() && std::_PCC<true, _T1, _T2>::_ImplicitlyMoveConvertiblePair<_U1, _U2>()), bool>::type <anonymous> = true; _T1 = std::_Rb_tree_node_base*; _T2 = std::_Rb_tree_node_base*]	24	static
stl_tree.h:300:7:std::_Rb_tree_iterator<_Tp>::_Self& std::_Rb_tree_iterator<_Tp>::operator--() [with _Tp = std::pair<const Cmd, cmd_t2>]	16	static
stl_tree.h:285:7:std::_Rb_tree_iterator<_Tp>::_Self& std::_Rb_tree_iterator<_Tp>::operator++() [with _Tp = std::pair<const Cmd, cmd_t2>]	16	static
stl_pair.h:311:18:constexpr std::pair<_T1, _T2>::pair(_U1&&, const _T2&) [with _U1 = std::_Rb_tree_node_base*&; typename std::enable_if<std::_PCC<true, _T1, _T2>::_MoveCopyPair<true, _U1, _T2>(), bool>::type <anonymous> = true; _T1 = std::_Rb_tree_node_base*; _T2 = std::_Rb_tree_node_base*]	24	static
stl_tree.h:546:4:std::_Rb_tree_node<_Val>* std::_Rb_tree<_Key, _Val, _KeyOfValue, _Compare, _Alloc>::_Alloc_node::operator()(_Arg&&) const [with _Arg = const std::pair<const Cmd, cmd_t2>&; _Key = Cmd; _Val = std::pair<const Cmd, cmd_t2>; _KeyOfValue = std::_Select1st<std::pair<const Cmd, cmd_t2> >; _Compare = std::less<Cmd>; _Alloc = std::allocator<std::pair<const Cmd, cmd_t2> >]	24	static
stl_tree.h:566:7:std::_Rb_tree<_Key, _Val, _KeyOfValue, _Compare, _Alloc>::_Node_allocator& std::_Rb_tree<_Key, _Val, _KeyOfValue, _Compare, _Alloc>::_M_get_Node_allocator() [with _Key = Cmd; _Val = std::pair<const Cmd, cmd_t2>; _KeyOfValue = std::_Select1st<std::pair<const Cmd, cmd_t2> >; _Compare = std::less<Cmd>; _Alloc = std::allocator<std::pair<const Cmd, cmd_t2> >]	16	static
stl_tree.h:234:7:_Val* std::_Rb_tree_node<_Val>::_M_valptr() [with _Val = std::pair<const Cmd, cmd_t2>]	16	static
alloc_traits.h:495:2:static void std::allocator_traits<std::allocator<_Tp1> >::destroy(std::allocator_traits<std::allocator<_Tp1> >::allocator_type&, _Up*) [with _Up = std::pair<const Cmd, cmd_t2>; _Tp = std::_Rb_tree_node<std::pair<const Cmd, cmd_t2> >]	16	static
alloc_traits.h:469:7:static void std::allocator_traits<std::allocator<_Tp1> >::deallocate(std::allocator_traits<std::allocator<_Tp1> >::allocator_type&, std::allocator_traits<std::allocator<_Tp1> >::pointer, std::allocator_traits<std::allocator<_Tp1> >::size_type) [with _Tp = std::_Rb_tree_node<std::pair<const Cmd, cmd_t2> >]	24	static
stl_tree.h:767:7:static const _Key& std::_Rb_tree<_Key, _Val, _KeyOfValue, _Compare, _Alloc>::_S_key(std::_Rb_tree<_Key, _Val, _KeyOfValue, _Compare, _Alloc>::_Const_Link_type) [with _Key = Cmd; _Val = std::pair<const Cmd, cmd_t2>; _KeyOfValue = std::_Select1st<std::pair<const Cmd, cmd_t2> >; _Compare = std::less<Cmd>; _Alloc = std::allocator<std::pair<const Cmd, cmd_t2> >]	24	static
move.h:74:5:constexpr _Tp&& std::forward(typename std::remove_reference<_Tp>::type&) [with _Tp = std::_Rb_tree_node_base*&]	16	static
stl_tree.h:1006:7:std::_Rb_tree<_Key, _Val, _KeyOfValue, _Compare, _Alloc>::iterator std::_Rb_tree<_Key, _Val, _KeyOfValue, _Compare, _Alloc>::begin() [with _Key = Cmd; _Val = std::pair<const Cmd, cmd_t2>; _KeyOfValue = std::_Select1st<std::pair<const Cmd, cmd_t2> >; _Compare = std::less<Cmd>; _Alloc = std::allocator<std::pair<const Cmd, cmd_t2> >]	24	static
stl_tree.h:315:7:bool std::operator==(const _Self&, const _Self&)	16	static
stl_pair.h:341:12:constexpr std::pair<_T1, _T2>::pair(_U1&&, _U2&&) [with _U1 = std::_Rb_tree_node<std::pair<const Cmd, cmd_t2> >*&; _U2 = std::_Rb_tree_node_base*&; typename std::enable_if<(std::_PCC<true, _T1, _T2>::_MoveConstructiblePair<_U1, _U2>() && std::_PCC<true, _T1, _T2>::_ImplicitlyMoveConvertiblePair<_U1, _U2>()), bool>::type <anonymous> = true; _T1 = std::_Rb_tree_node_base*; _T2 = std::_Rb_tree_node_base*]	24	static
stl_tree.h:628:2:) [with _Args = {const std::pair<const Cmd, cmd_t2>&}; _Key = Cmd; _Val = std::pair<const Cmd, cmd_t2>; _KeyOfValue = std::_Select1st<std::pair<const Cmd, cmd_t2> >; _Compare = std::less<Cmd>; _Alloc = std::allocator<std::pair<const Cmd, cmd_t2> >]	24	static
aligned_buffer.h:72:7:_Tp* __gnu_cxx::__aligned_membuf<_Tp>::_M_ptr() [with _Tp = std::pair<const Cmd, cmd_t2>]	16	static
new_allocator.h:151:2:void __gnu_cxx::new_allocator<_Tp>::destroy(_Up*) [with _Up = std::pair<const Cmd, cmd_t2>; _Tp = std::_Rb_tree_node<std::pair<const Cmd, cmd_t2> >]	16	static
new_allocator.h:119:7:void __gnu_cxx::new_allocator<_Tp>::deallocate(__gnu_cxx::new_allocator<_Tp>::pointer, __gnu_cxx::new_allocator<_Tp>::size_type) [with _Tp = std::_Rb_tree_node<std::pair<const Cmd, cmd_t2> >]	24	static
stl_tree.h:238:7:const _Val* std::_Rb_tree_node<_Val>::_M_valptr() const [with _Val = std::pair<const Cmd, cmd_t2>]	16	static
move.h:74:5:constexpr _Tp&& std::forward(typename std::remove_reference<_Tp>::type&) [with _Tp = std::_Rb_tree_node<std::pair<const Cmd, cmd_t2> >*&]	16	static
stl_tree.h:579:7:std::_Rb_tree_node<_Val>* std::_Rb_tree<_Key, _Val, _KeyOfValue, _Compare, _Alloc>::_M_get_node() [with _Key = Cmd; _Val = std::pair<const Cmd, cmd_t2>; _KeyOfValue = std::_Select1st<std::pair<const Cmd, cmd_t2> >; _Compare = std::less<Cmd>; _Alloc = std::allocator<std::pair<const Cmd, cmd_t2> >]	16	static
stl_tree.h:609:2:) [with _Args = {const std::pair<const Cmd, cmd_t2>&}; _Key = Cmd; _Val = std::pair<const Cmd, cmd_t2>; _KeyOfValue = std::_Select1st<std::pair<const Cmd, cmd_t2> >; _Compare = std::less<Cmd>; _Alloc = std::allocator<std::pair<const Cmd, cmd_t2> >]	32	static
aligned_buffer.h:64:7:void* __gnu_cxx::__aligned_membuf<_Tp>::_M_addr() [with _Tp = std::pair<const Cmd, cmd_t2>]	16	static
aligned_buffer.h:76:7:const _Tp* __gnu_cxx::__aligned_membuf<_Tp>::_M_ptr() const [with _Tp = std::pair<const Cmd, cmd_t2>]	16	static
alloc_traits.h:443:7:static _Tp* std::allocator_traits<std::allocator<_Tp1> >::allocate(std::allocator_traits<std::allocator<_Tp1> >::allocator_type&, std::allocator_traits<std::allocator<_Tp1> >::size_type) [with _Tp = std::_Rb_tree_node<std::pair<const Cmd, cmd_t2> >]	16	static
alloc_traits.h:482:2:) [with _Up = std::pair<const Cmd, cmd_t2>; _Args = {const std::pair<const Cmd, cmd_t2>&}; _Tp = std::_Rb_tree_node<std::pair<const Cmd, cmd_t2> >]	24	static
aligned_buffer.h:68:7:const void* __gnu_cxx::__aligned_membuf<_Tp>::_M_addr() const [with _Tp = std::pair<const Cmd, cmd_t2>]	16	static
new_allocator.h:102:7:_Tp* __gnu_cxx::new_allocator<_Tp>::allocate(__gnu_cxx::new_allocator<_Tp>::size_type, const void*) [with _Tp = std::_Rb_tree_node<std::pair<const Cmd, cmd_t2> >]	24	static
new_allocator.h:144:2:) [with _Up = std::pair<const Cmd, cmd_t2>; _Args = {const std::pair<const Cmd, cmd_t2>&}; _Tp = std::_Rb_tree_node<std::pair<const Cmd, cmd_t2> >]	32	static
new_allocator.h:132:7:__gnu_cxx::new_allocator<_Tp>::size_type __gnu_cxx::new_allocator<_Tp>::max_size() const [with _Tp = std::_Rb_tree_node<std::pair<const Cmd, cmd_t2> >]	16	static
do_ph_cmd.cpp:57:18:void __static_initialization_and_destruction_0(int, int)	1048	static
do_ph_cmd.cpp:57:18:cpp)	8	static
do_ph_cmd.cpp:57:18:cpp)	8	static
